Traceback (most recent call last):
  File "D:\PROJECT\RIFT HACKTHON\test_backend.py", line 8, in <module>
    from backend.pharmacogenomics import analyze_vcf
  File "D:\PROJECT\RIFT HACKTHON\backend\pharmacogenomics.py", line 17, in <module>
    class PhenotypeRisk(BaseModel):
                        ^^^^^^^^^
NameError: name 'BaseModel' is not defined
